// Jest Snapshot v1, https://goo.gl/fbAQLP

exports[`SearchTransactions snapshot renders 1`] = `
<form
  className="container-search"
  onSubmit={[Function]}
>
  <div
    className="form-group"
  >
    <label
      className="search-field-label"
    >
      Account Id: 
    </label>
    <input
      className="search-field-input"
      name="accountId"
      onChange={[Function]}
      placeholder="Enter Account Id"
      required={true}
      type="text"
      value=""
    />
  </div>
  <div
    className="form-group"
  >
    <label>
      From Date: 
    </label>
    <div
      className="rdt"
    >
      <input
        className="form-control field-from-date"
        key="i"
        onChange={[Function]}
        onClick={[Function]}
        onFocus={[Function]}
        onKeyDown={[Function]}
        placeholder="Select transaction start date"
        required={true}
        type="text"
        value=""
      />
      <div
        className="rdtPicker"
        key="dt"
      >
        <div
          className="rdtDays"
        >
          <table>
            <thead
              key="th"
            >
              <tr
                key="h"
              >
                <th
                  className="rdtPrev"
                  key="p"
                  onClick={[Function]}
                >
                  <span>
                    ‹
                  </span>
                </th>
                <th
                  className="rdtSwitch"
                  colSpan={5}
                  data-value={9}
                  key="s"
                  onClick={[Function]}
                >
                  October 2019
                </th>
                <th
                  className="rdtNext"
                  key="n"
                  onClick={[Function]}
                >
                  <span>
                    ›
                  </span>
                </th>
              </tr>
              <tr
                key="d"
              >
                <th
                  className="dow"
                  key="Su0"
                >
                  Su
                </th>
                <th
                  className="dow"
                  key="Mo1"
                >
                  Mo
                </th>
                <th
                  className="dow"
                  key="Tu2"
                >
                  Tu
                </th>
                <th
                  className="dow"
                  key="We3"
                >
                  We
                </th>
                <th
                  className="dow"
                  key="Th4"
                >
                  Th
                </th>
                <th
                  className="dow"
                  key="Fr5"
                >
                  Fr
                </th>
                <th
                  className="dow"
                  key="Sa6"
                >
                  Sa
                </th>
              </tr>
            </thead>
            <tbody
              key="tb"
            >
              <tr
                key="10_5"
              >
                <td
                  className="rdtDay rdtOld"
                  data-value={29}
                  key="9_29"
                  onClick={[Function]}
                >
                  29
                </td>
                <td
                  className="rdtDay rdtOld"
                  data-value={30}
                  key="9_30"
                  onClick={[Function]}
                >
                  30
                </td>
                <td
                  className="rdtDay"
                  data-value={1}
                  key="10_1"
                  onClick={[Function]}
                >
                  1
                </td>
                <td
                  className="rdtDay"
                  data-value={2}
                  key="10_2"
                  onClick={[Function]}
                >
                  2
                </td>
                <td
                  className="rdtDay rdtToday"
                  data-value={3}
                  key="10_3"
                  onClick={[Function]}
                >
                  3
                </td>
                <td
                  className="rdtDay"
                  data-value={4}
                  key="10_4"
                  onClick={[Function]}
                >
                  4
                </td>
                <td
                  className="rdtDay"
                  data-value={5}
                  key="10_5"
                  onClick={[Function]}
                >
                  5
                </td>
              </tr>
              <tr
                key="10_12"
              >
                <td
                  className="rdtDay"
                  data-value={6}
                  key="10_6"
                  onClick={[Function]}
                >
                  6
                </td>
                <td
                  className="rdtDay"
                  data-value={7}
                  key="10_7"
                  onClick={[Function]}
                >
                  7
                </td>
                <td
                  className="rdtDay"
                  data-value={8}
                  key="10_8"
                  onClick={[Function]}
                >
                  8
                </td>
                <td
                  className="rdtDay"
                  data-value={9}
                  key="10_9"
                  onClick={[Function]}
                >
                  9
                </td>
                <td
                  className="rdtDay"
                  data-value={10}
                  key="10_10"
                  onClick={[Function]}
                >
                  10
                </td>
                <td
                  className="rdtDay"
                  data-value={11}
                  key="10_11"
                  onClick={[Function]}
                >
                  11
                </td>
                <td
                  className="rdtDay"
                  data-value={12}
                  key="10_12"
                  onClick={[Function]}
                >
                  12
                </td>
              </tr>
              <tr
                key="10_19"
              >
                <td
                  className="rdtDay"
                  data-value={13}
                  key="10_13"
                  onClick={[Function]}
                >
                  13
                </td>
                <td
                  className="rdtDay"
                  data-value={14}
                  key="10_14"
                  onClick={[Function]}
                >
                  14
                </td>
                <td
                  className="rdtDay"
                  data-value={15}
                  key="10_15"
                  onClick={[Function]}
                >
                  15
                </td>
                <td
                  className="rdtDay"
                  data-value={16}
                  key="10_16"
                  onClick={[Function]}
                >
                  16
                </td>
                <td
                  className="rdtDay"
                  data-value={17}
                  key="10_17"
                  onClick={[Function]}
                >
                  17
                </td>
                <td
                  className="rdtDay"
                  data-value={18}
                  key="10_18"
                  onClick={[Function]}
                >
                  18
                </td>
                <td
                  className="rdtDay"
                  data-value={19}
                  key="10_19"
                  onClick={[Function]}
                >
                  19
                </td>
              </tr>
              <tr
                key="10_26"
              >
                <td
                  className="rdtDay"
                  data-value={20}
                  key="10_20"
                  onClick={[Function]}
                >
                  20
                </td>
                <td
                  className="rdtDay"
                  data-value={21}
                  key="10_21"
                  onClick={[Function]}
                >
                  21
                </td>
                <td
                  className="rdtDay"
                  data-value={22}
                  key="10_22"
                  onClick={[Function]}
                >
                  22
                </td>
                <td
                  className="rdtDay"
                  data-value={23}
                  key="10_23"
                  onClick={[Function]}
                >
                  23
                </td>
                <td
                  className="rdtDay"
                  data-value={24}
                  key="10_24"
                  onClick={[Function]}
                >
                  24
                </td>
                <td
                  className="rdtDay"
                  data-value={25}
                  key="10_25"
                  onClick={[Function]}
                >
                  25
                </td>
                <td
                  className="rdtDay"
                  data-value={26}
                  key="10_26"
                  onClick={[Function]}
                >
                  26
                </td>
              </tr>
              <tr
                key="11_2"
              >
                <td
                  className="rdtDay"
                  data-value={27}
                  key="10_27"
                  onClick={[Function]}
                >
                  27
                </td>
                <td
                  className="rdtDay"
                  data-value={28}
                  key="10_28"
                  onClick={[Function]}
                >
                  28
                </td>
                <td
                  className="rdtDay"
                  data-value={29}
                  key="10_29"
                  onClick={[Function]}
                >
                  29
                </td>
                <td
                  className="rdtDay"
                  data-value={30}
                  key="10_30"
                  onClick={[Function]}
                >
                  30
                </td>
                <td
                  className="rdtDay"
                  data-value={31}
                  key="10_31"
                  onClick={[Function]}
                >
                  31
                </td>
                <td
                  className="rdtDay rdtNew"
                  data-value={1}
                  key="11_1"
                  onClick={[Function]}
                >
                  1
                </td>
                <td
                  className="rdtDay rdtNew"
                  data-value={2}
                  key="11_2"
                  onClick={[Function]}
                >
                  2
                </td>
              </tr>
              <tr
                key="11_9"
              >
                <td
                  className="rdtDay rdtNew"
                  data-value={3}
                  key="11_3"
                  onClick={[Function]}
                >
                  3
                </td>
                <td
                  className="rdtDay rdtNew"
                  data-value={4}
                  key="11_4"
                  onClick={[Function]}
                >
                  4
                </td>
                <td
                  className="rdtDay rdtNew"
                  data-value={5}
                  key="11_5"
                  onClick={[Function]}
                >
                  5
                </td>
                <td
                  className="rdtDay rdtNew"
                  data-value={6}
                  key="11_6"
                  onClick={[Function]}
                >
                  6
                </td>
                <td
                  className="rdtDay rdtNew"
                  data-value={7}
                  key="11_7"
                  onClick={[Function]}
                >
                  7
                </td>
                <td
                  className="rdtDay rdtNew"
                  data-value={8}
                  key="11_8"
                  onClick={[Function]}
                >
                  8
                </td>
                <td
                  className="rdtDay rdtNew"
                  data-value={9}
                  key="11_9"
                  onClick={[Function]}
                >
                  9
                </td>
              </tr>
            </tbody>
            <tfoot
              key="tf"
            >
              <tr>
                <td
                  className="rdtTimeToggle"
                  colSpan={7}
                  onClick={[Function]}
                >
                  00:00:00
                </td>
              </tr>
            </tfoot>
          </table>
        </div>
      </div>
    </div>
  </div>
  <div
    className="form-group"
  >
    <label>
      To Date: 
    </label>
    <div
      className="rdt"
    >
      <input
        className="form-control field-to-date"
        key="i"
        onChange={[Function]}
        onClick={[Function]}
        onFocus={[Function]}
        onKeyDown={[Function]}
        placeholder="Select transaction end date"
        required={true}
        type="text"
        value=""
      />
      <div
        className="rdtPicker"
        key="dt"
      >
        <div
          className="rdtDays"
        >
          <table>
            <thead
              key="th"
            >
              <tr
                key="h"
              >
                <th
                  className="rdtPrev"
                  key="p"
                  onClick={[Function]}
                >
                  <span>
                    ‹
                  </span>
                </th>
                <th
                  className="rdtSwitch"
                  colSpan={5}
                  data-value={9}
                  key="s"
                  onClick={[Function]}
                >
                  October 2019
                </th>
                <th
                  className="rdtNext"
                  key="n"
                  onClick={[Function]}
                >
                  <span>
                    ›
                  </span>
                </th>
              </tr>
              <tr
                key="d"
              >
                <th
                  className="dow"
                  key="Su0"
                >
                  Su
                </th>
                <th
                  className="dow"
                  key="Mo1"
                >
                  Mo
                </th>
                <th
                  className="dow"
                  key="Tu2"
                >
                  Tu
                </th>
                <th
                  className="dow"
                  key="We3"
                >
                  We
                </th>
                <th
                  className="dow"
                  key="Th4"
                >
                  Th
                </th>
                <th
                  className="dow"
                  key="Fr5"
                >
                  Fr
                </th>
                <th
                  className="dow"
                  key="Sa6"
                >
                  Sa
                </th>
              </tr>
            </thead>
            <tbody
              key="tb"
            >
              <tr
                key="10_5"
              >
                <td
                  className="rdtDay rdtOld"
                  data-value={29}
                  key="9_29"
                  onClick={[Function]}
                >
                  29
                </td>
                <td
                  className="rdtDay rdtOld"
                  data-value={30}
                  key="9_30"
                  onClick={[Function]}
                >
                  30
                </td>
                <td
                  className="rdtDay"
                  data-value={1}
                  key="10_1"
                  onClick={[Function]}
                >
                  1
                </td>
                <td
                  className="rdtDay"
                  data-value={2}
                  key="10_2"
                  onClick={[Function]}
                >
                  2
                </td>
                <td
                  className="rdtDay rdtToday"
                  data-value={3}
                  key="10_3"
                  onClick={[Function]}
                >
                  3
                </td>
                <td
                  className="rdtDay"
                  data-value={4}
                  key="10_4"
                  onClick={[Function]}
                >
                  4
                </td>
                <td
                  className="rdtDay"
                  data-value={5}
                  key="10_5"
                  onClick={[Function]}
                >
                  5
                </td>
              </tr>
              <tr
                key="10_12"
              >
                <td
                  className="rdtDay"
                  data-value={6}
                  key="10_6"
                  onClick={[Function]}
                >
                  6
                </td>
                <td
                  className="rdtDay"
                  data-value={7}
                  key="10_7"
                  onClick={[Function]}
                >
                  7
                </td>
                <td
                  className="rdtDay"
                  data-value={8}
                  key="10_8"
                  onClick={[Function]}
                >
                  8
                </td>
                <td
                  className="rdtDay"
                  data-value={9}
                  key="10_9"
                  onClick={[Function]}
                >
                  9
                </td>
                <td
                  className="rdtDay"
                  data-value={10}
                  key="10_10"
                  onClick={[Function]}
                >
                  10
                </td>
                <td
                  className="rdtDay"
                  data-value={11}
                  key="10_11"
                  onClick={[Function]}
                >
                  11
                </td>
                <td
                  className="rdtDay"
                  data-value={12}
                  key="10_12"
                  onClick={[Function]}
                >
                  12
                </td>
              </tr>
              <tr
                key="10_19"
              >
                <td
                  className="rdtDay"
                  data-value={13}
                  key="10_13"
                  onClick={[Function]}
                >
                  13
                </td>
                <td
                  className="rdtDay"
                  data-value={14}
                  key="10_14"
                  onClick={[Function]}
                >
                  14
                </td>
                <td
                  className="rdtDay"
                  data-value={15}
                  key="10_15"
                  onClick={[Function]}
                >
                  15
                </td>
                <td
                  className="rdtDay"
                  data-value={16}
                  key="10_16"
                  onClick={[Function]}
                >
                  16
                </td>
                <td
                  className="rdtDay"
                  data-value={17}
                  key="10_17"
                  onClick={[Function]}
                >
                  17
                </td>
                <td
                  className="rdtDay"
                  data-value={18}
                  key="10_18"
                  onClick={[Function]}
                >
                  18
                </td>
                <td
                  className="rdtDay"
                  data-value={19}
                  key="10_19"
                  onClick={[Function]}
                >
                  19
                </td>
              </tr>
              <tr
                key="10_26"
              >
                <td
                  className="rdtDay"
                  data-value={20}
                  key="10_20"
                  onClick={[Function]}
                >
                  20
                </td>
                <td
                  className="rdtDay"
                  data-value={21}
                  key="10_21"
                  onClick={[Function]}
                >
                  21
                </td>
                <td
                  className="rdtDay"
                  data-value={22}
                  key="10_22"
                  onClick={[Function]}
                >
                  22
                </td>
                <td
                  className="rdtDay"
                  data-value={23}
                  key="10_23"
                  onClick={[Function]}
                >
                  23
                </td>
                <td
                  className="rdtDay"
                  data-value={24}
                  key="10_24"
                  onClick={[Function]}
                >
                  24
                </td>
                <td
                  className="rdtDay"
                  data-value={25}
                  key="10_25"
                  onClick={[Function]}
                >
                  25
                </td>
                <td
                  className="rdtDay"
                  data-value={26}
                  key="10_26"
                  onClick={[Function]}
                >
                  26
                </td>
              </tr>
              <tr
                key="11_2"
              >
                <td
                  className="rdtDay"
                  data-value={27}
                  key="10_27"
                  onClick={[Function]}
                >
                  27
                </td>
                <td
                  className="rdtDay"
                  data-value={28}
                  key="10_28"
                  onClick={[Function]}
                >
                  28
                </td>
                <td
                  className="rdtDay"
                  data-value={29}
                  key="10_29"
                  onClick={[Function]}
                >
                  29
                </td>
                <td
                  className="rdtDay"
                  data-value={30}
                  key="10_30"
                  onClick={[Function]}
                >
                  30
                </td>
                <td
                  className="rdtDay"
                  data-value={31}
                  key="10_31"
                  onClick={[Function]}
                >
                  31
                </td>
                <td
                  className="rdtDay rdtNew"
                  data-value={1}
                  key="11_1"
                  onClick={[Function]}
                >
                  1
                </td>
                <td
                  className="rdtDay rdtNew"
                  data-value={2}
                  key="11_2"
                  onClick={[Function]}
                >
                  2
                </td>
              </tr>
              <tr
                key="11_9"
              >
                <td
                  className="rdtDay rdtNew"
                  data-value={3}
                  key="11_3"
                  onClick={[Function]}
                >
                  3
                </td>
                <td
                  className="rdtDay rdtNew"
                  data-value={4}
                  key="11_4"
                  onClick={[Function]}
                >
                  4
                </td>
                <td
                  className="rdtDay rdtNew"
                  data-value={5}
                  key="11_5"
                  onClick={[Function]}
                >
                  5
                </td>
                <td
                  className="rdtDay rdtNew"
                  data-value={6}
                  key="11_6"
                  onClick={[Function]}
                >
                  6
                </td>
                <td
                  className="rdtDay rdtNew"
                  data-value={7}
                  key="11_7"
                  onClick={[Function]}
                >
                  7
                </td>
                <td
                  className="rdtDay rdtNew"
                  data-value={8}
                  key="11_8"
                  onClick={[Function]}
                >
                  8
                </td>
                <td
                  className="rdtDay rdtNew"
                  data-value={9}
                  key="11_9"
                  onClick={[Function]}
                >
                  9
                </td>
              </tr>
            </tbody>
            <tfoot
              key="tf"
            >
              <tr>
                <td
                  className="rdtTimeToggle"
                  colSpan={7}
                  onClick={[Function]}
                >
                  00:00:00
                </td>
              </tr>
            </tfoot>
          </table>
        </div>
      </div>
    </div>
  </div>
  <div
    className="form-btn-align form-group"
  >
    <button
      aria-label={null}
      className="btn btn-outline-secondary disabled"
      disabled={true}
      onClick={[Function]}
    >
      Search Transactions
    </button>
  </div>
  <div
    className="form-group"
  >
    <div
      className="panel panel-default"
    >
      <div
        className="formErrors"
      />
    </div>
  </div>
</form>
`;
